
// ==========================================================================
//  GPPG error listing for yacc source file <MiniLisp.Language.grammar.y - 6/18/2016 PM 04:15:36>
// ==========================================================================
//  Version:  1.5.2
//  Machine:  SHARK
//  DateTime: 6/18/2016 PM 04:15:37
//  UserName: Zheng-Yuan
// ==========================================================================


%namespace MiniLisp
%partial
%parsertype MiniLispParser
%visibility internal
%tokentype Token

%union { 
			public int Value; 
			public bool BoolValue;
			public string Str; 
			public MiniLispParser.IAST Node;
			public List<MiniLispParser.IAST> NodeList;
	   }

%start program

%token PrintNum, PrintBool
%token Lp, Rp
%token Plus, Minus, Multiply, Divide, Modulus
%token Smaller, Greater, Equal, And, Or, Not
%token Fun, Define, If

%type <NodeList> exps
%type <Node> stmt, exp, print_stmt, def_stmt, number_op, logic_op, if_exp, fun_exp, fun_call

%token <Value> Number
%token <BoolValue> Bool
%token <Str> Str


%%
// Error: NonTerminal symbol "s" has no productions
// Error: NonTerminal symbol "sd" has no productions
// Warning: Terminating sd fixes the following size-2 NonTerminal set
   // {fun_call, sd}
// Error: There are 4 non-terminating NonTerminal Symbols
   //  {fun_exp, fun_call, s, sd}
// Warning: Terminating s fixes the following size-2 NonTerminal set
   // {fun_exp, s}
// ------------------------------------------------------------------

program		:	stmts
			;
stmts		:	stmts stmt
			|	stmt	{
				$1.Evaluate();
			}
			;
stmt		:	exp
			|	print_stmt
			|	def_stmt
			;
print_stmt	:	Lp PrintNum exp Rp {
				$$ = new PrintNum(Scanner, $3);
			}
			|	Lp PrintBool exp Rp {
				$$ = new PrintBool(Scanner, $3);
			}
			;
exps		:	exps exp {
				$$ = $1;
				$$.Add($2);
			}
			|	exp {
				$$ = new List<IAST>();
				$$.Add($1);
			}
			;
exp			:	Number {
				$$ = new Number(Scanner, $1);
			}
			|	Bool {
				$$ = new Bool(Scanner, $1);
			}
			|	Str {
				$$ = new Id(Scanner, $1);
			}
			|	number_op
			|	logic_op
			|	if_exp
			|	fun_exp
			|	fun_call
			;
def_stmt	:	Lp Define Str exps Rp {
				$$ = new Define(Scanner, $3, $4);
			}
			;
number_op	:	Lp Plus exps Rp {
				$$ = new Plus(Scanner, $3);
			}
			|	Lp Minus exps Rp {
				$$ = new Minus(Scanner, $3);
			}
			|	Lp Multiply exps Rp {
				$$ = new Multiply(Scanner, $3);
			}
			|	Lp Divide exps Rp {
				$$ = new Divide(Scanner, $3);
			}
			|	Lp Modulus exps Rp {
				$$ = new Modulus(Scanner, $3);
			}
			|	Lp Smaller exps Rp {
				$$ = new Smaller(Scanner, $3);
			}
			|	Lp Greater exps Rp {
				$$ = new Greater(Scanner, $3);
			}
			|	Lp Equal exps Rp {
				$$ = new Equal(Scanner, $3);
			}
			;
logic_op	:	Lp And exps Rp {
				$$ = new And(Scanner, $3);
			}
			|	Lp Or exps Rp {
				$$ = new Or(Scanner, $3);
			}
			|	Lp Not exps Rp {
				$$ = new Not(Scanner, $3);
			}
			;
if_exp		:	Lp If exps Rp {
				$$ = new If(Scanner, $3);
			}
			;
fun_exp		:	s
			;
fun_call	:  sd
			;
%%// ==========================================================================

