
// ==========================================================================
//  GPLEX error listing for lex source file <MiniLisp.Language.analyzer.lex>
// ==========================================================================
//  Version:  1.2.2
//  Machine:  SHARK
//  DateTime: 6/17/2016 PM 09:24:37
//  UserName: Zheng-Yuan
// ==========================================================================


%namespace MiniLisp
%scannertype MiniLispScanner
%visibility internal
%tokentype Token

%option stack, minimize, parser, verbose, persistbuffer, noembedbuffers 

Seperator		[\t\n\r ]
Letter			[a-z]
Digit			[0-9]

Number			0|[1-9]{Digit}*|-[1-9]{Digit}*
Id				{Letter}({Letter}|{Digit}|-)*
Bool			#[tf]

Lp				\(
Rp				\)
Plus			"+"
Minus			"-"
Mutiply		    "*"
Divide			"/"
Modulus		    mod
Smaller			"<"
Greater		    ">"
Equal			"="
And				"and"
Or				"or"
Not				"not"
If				"if"
Define			"define"
Fun				"fun"
PrintNum		"print-num"
PrintBool		"print-bool"

%{

%}

%%

{Number}		{	PrintCacheToken(yytext);	GetNumber();	return (int)Token.Number;	}
{Plus}			{	PrintCacheToken(yytext);	return (int)Token.Plus;	}
{Minus}			{	PrintCacheToken(yytext);	return (int)Token.Minus;	}
{Mutiply}		{	PrintCacheToken(yytext);	return (int)Token.Multiply;	}
{Divide}		{	PrintCacheToken(yytext);	return (int)Token.Divide;	}
{Modulus}		{	PrintCacheToken(yytext);	return (int)Token.Modulus;	}
{Bool}			{	PrintCacheToken(yytext);	GetBoolean();	return (int)Token.Bool
{PrintNum}		{	PrintCacheToken(yytext);	return (int)Token.PrintNum;	}
{PrintBool}		{	PrintCacheToken(yytext);	return (int)Token.PrintBool;	}
{Lp}			{	return (int)Token.Lp;	}
{Rp}			{	return (int)Token.Rp;	}


{Seperator}		{	}
.				{	}


%%// Error: Parser error <Syntax error, unexpected %%, expecting }> 
// ---------------------------------------------------------------
// ==========================================================================

